// Jest Snapshot v1, https://goo.gl/fbAQLP

exports[`test collector category test category 1`] = `
<view
  style="padding:15px;padding-left:30px;margin-top:14px"
>
  <view
    accessibilitystate="[object Object]"
    focusable="true"
    style="align-items:center;flex-direction:row;opacity:1"
    testid="BouncyCheckbox"
  >
    <view
      style="transform:[object Object];width:22px;height:22px;border-width:1.3px;border-color:#3743ab;border-radius:11px;align-items:center;justify-content:center;background-color:#FFFFFF"
    />
    <view
      style="0:[object Object]"
    >
      <text
        style="0:[object Object];1:[object Object]"
      />
    </view>
  </view>
  <text
    style="color:red;margin-left:40px"
  >
    Not Taken
  </text>
</view>
`;
